0.180118175784 	0.0570159404353 	0.71109415799 	0.330087335341 	0.154702303473 	
0.31590990156 	0.903438943432 	0.248237184585 	0.112889180021 	0.496124013729 	
0.947353596385 	0.260988599413 	0.929088897698 	0.54070037226 	0.876864030639 	
0.350780672432 	0.897527909923 	0.302294532323 	0.0383704549259 	0.126303354674 	
0.305219081402 	0.973331840366 	0.779256242496 	0.857617737813 	0.658555696669 	

0.187687575261 	0.529366174292 	0.541958255449 	
0.638592371427 	0.379370982857 	0.441627084026 	

0.335491423861 	0.602797370972 	0.459556461758 	0.604340884724 	0.676269082383 	
0.665930771291 	0.418145743922 	0.377275775876 	0.721175275692 	0.515414050328 	
0.542469402382 	0.131143244079 	0.439834894986 	0.743531188185 	0.305936051895 	
0.234365111281 	0.18052564872 	0.519259957425 	0.45944492728 	0.0859778856502 	
0.214727432552 	0.30860803805 	0.370542970952 	0.0979530772132 	0.0 	

0.0 	0.0 	0.0 	0.0 	0.0 	
0.0 	0.0 	0.0 	0.0 	0.0 	
0.0 	0.58517391238 	0.766128457423 	0.213948300583 	0.0246341304821 	
0.0 	0.343758298558 	1.4327227148 	1.00858363618 	0.533941623484 	
0.0 	0.0101253068308 	0.758323975876 	1.92316164702 	1.47535163174 	

0.211352328421 	-1.063430089 	-1.2793992101 	
-0.128709576657 	-0.222357103186 	-2.73780911364 	
